export const snapshot = {};

snapshot[`client() can make requests > post 1`] = `
{
  active_lock_reason: null,
  assignee: null,
  assignees: [],
  author_association: "MEMBER",
  body: null,
  closed_at: null,
  closed_by: null,
  comments: 0,
  comments_url: "https://api.github.com/repos/withroka/test/issues/59/comments",
  created_at: "2025-03-08T12:19:03Z",
  events_url: "https://api.github.com/repos/withroka/test/issues/59/events",
  html_url: "https://github.com/withroka/test/issues/59",
  id: 2904755289,
  labels: [],
  labels_url: "https://api.github.com/repos/withroka/test/issues/59/labels{/name}",
  locked: false,
  milestone: null,
  node_id: "I_kwDON5PmBc6tIwxZ",
  number: 59,
  performed_via_github_app: null,
  reactions: {
    "+1": 0,
    "-1": 0,
    confused: 0,
    eyes: 0,
    heart: 0,
    hooray: 0,
    laugh: 0,
    rocket: 0,
    total_count: 0,
    url: "https://api.github.com/repos/withroka/test/issues/59/reactions",
  },
  repository_url: "https://api.github.com/repos/withroka/test",
  state: "open",
  state_reason: null,
  sub_issues_summary: {
    completed: 0,
    percent_completed: 0,
    total: 0,
  },
  timeline_url: "https://api.github.com/repos/withroka/test/issues/59/timeline",
  title: "Test issue",
  updated_at: "2025-03-08T12:19:03Z",
  url: "https://api.github.com/repos/withroka/test/issues/59",
  user: {
    avatar_url: "https://avatars.githubusercontent.com/u/5593188?v=4",
    events_url: "https://api.github.com/users/tugrulates/events{/privacy}",
    followers_url: "https://api.github.com/users/tugrulates/followers",
    following_url: "https://api.github.com/users/tugrulates/following{/other_user}",
    gists_url: "https://api.github.com/users/tugrulates/gists{/gist_id}",
    gravatar_id: "",
    html_url: "https://github.com/tugrulates",
    id: 5593188,
    login: "tugrulates",
    node_id: "MDQ6VXNlcjU1OTMxODg=",
    organizations_url: "https://api.github.com/users/tugrulates/orgs",
    received_events_url: "https://api.github.com/users/tugrulates/received_events",
    repos_url: "https://api.github.com/users/tugrulates/repos",
    site_admin: false,
    starred_url: "https://api.github.com/users/tugrulates/starred{/owner}{/repo}",
    subscriptions_url: "https://api.github.com/users/tugrulates/subscriptions",
    type: "User",
    url: "https://api.github.com/users/tugrulates",
    user_view_type: "public",
  },
}
`;

snapshot[`client() can make requests > get 1`] = `
{
  active_lock_reason: null,
  assignee: null,
  assignees: [],
  author_association: "MEMBER",
  body: null,
  closed_at: null,
  closed_by: null,
  comments: 0,
  comments_url: "https://api.github.com/repos/withroka/test/issues/59/comments",
  created_at: "2025-03-08T12:19:03Z",
  events_url: "https://api.github.com/repos/withroka/test/issues/59/events",
  html_url: "https://github.com/withroka/test/issues/59",
  id: 2904755289,
  labels: [],
  labels_url: "https://api.github.com/repos/withroka/test/issues/59/labels{/name}",
  locked: false,
  milestone: null,
  node_id: "I_kwDON5PmBc6tIwxZ",
  number: 59,
  performed_via_github_app: null,
  reactions: {
    "+1": 0,
    "-1": 0,
    confused: 0,
    eyes: 0,
    heart: 0,
    hooray: 0,
    laugh: 0,
    rocket: 0,
    total_count: 0,
    url: "https://api.github.com/repos/withroka/test/issues/59/reactions",
  },
  repository_url: "https://api.github.com/repos/withroka/test",
  state: "open",
  state_reason: null,
  sub_issues_summary: {
    completed: 0,
    percent_completed: 0,
    total: 0,
  },
  timeline_url: "https://api.github.com/repos/withroka/test/issues/59/timeline",
  title: "Test issue",
  updated_at: "2025-03-08T12:19:03Z",
  url: "https://api.github.com/repos/withroka/test/issues/59",
  user: {
    avatar_url: "https://avatars.githubusercontent.com/u/5593188?v=4",
    events_url: "https://api.github.com/users/tugrulates/events{/privacy}",
    followers_url: "https://api.github.com/users/tugrulates/followers",
    following_url: "https://api.github.com/users/tugrulates/following{/other_user}",
    gists_url: "https://api.github.com/users/tugrulates/gists{/gist_id}",
    gravatar_id: "",
    html_url: "https://github.com/tugrulates",
    id: 5593188,
    login: "tugrulates",
    node_id: "MDQ6VXNlcjU1OTMxODg=",
    organizations_url: "https://api.github.com/users/tugrulates/orgs",
    received_events_url: "https://api.github.com/users/tugrulates/received_events",
    repos_url: "https://api.github.com/users/tugrulates/repos",
    site_admin: false,
    starred_url: "https://api.github.com/users/tugrulates/starred{/owner}{/repo}",
    subscriptions_url: "https://api.github.com/users/tugrulates/subscriptions",
    type: "User",
    url: "https://api.github.com/users/tugrulates",
    user_view_type: "public",
  },
}
`;

snapshot[`client() can make requests > put 1`] = `{}`;

snapshot[`client() can make requests > delete 1`] = `{}`;

snapshot[`client() can make requests > patch 1`] = `
{
  active_lock_reason: null,
  assignee: null,
  assignees: [],
  author_association: "MEMBER",
  body: null,
  closed_at: "2025-03-08T12:19:04Z",
  closed_by: {
    avatar_url: "https://avatars.githubusercontent.com/u/5593188?v=4",
    events_url: "https://api.github.com/users/tugrulates/events{/privacy}",
    followers_url: "https://api.github.com/users/tugrulates/followers",
    following_url: "https://api.github.com/users/tugrulates/following{/other_user}",
    gists_url: "https://api.github.com/users/tugrulates/gists{/gist_id}",
    gravatar_id: "",
    html_url: "https://github.com/tugrulates",
    id: 5593188,
    login: "tugrulates",
    node_id: "MDQ6VXNlcjU1OTMxODg=",
    organizations_url: "https://api.github.com/users/tugrulates/orgs",
    received_events_url: "https://api.github.com/users/tugrulates/received_events",
    repos_url: "https://api.github.com/users/tugrulates/repos",
    site_admin: false,
    starred_url: "https://api.github.com/users/tugrulates/starred{/owner}{/repo}",
    subscriptions_url: "https://api.github.com/users/tugrulates/subscriptions",
    type: "User",
    url: "https://api.github.com/users/tugrulates",
    user_view_type: "public",
  },
  comments: 0,
  comments_url: "https://api.github.com/repos/withroka/test/issues/59/comments",
  created_at: "2025-03-08T12:19:03Z",
  events_url: "https://api.github.com/repos/withroka/test/issues/59/events",
  html_url: "https://github.com/withroka/test/issues/59",
  id: 2904755289,
  labels: [],
  labels_url: "https://api.github.com/repos/withroka/test/issues/59/labels{/name}",
  locked: false,
  milestone: null,
  node_id: "I_kwDON5PmBc6tIwxZ",
  number: 59,
  performed_via_github_app: null,
  reactions: {
    "+1": 0,
    "-1": 0,
    confused: 0,
    eyes: 0,
    heart: 0,
    hooray: 0,
    laugh: 0,
    rocket: 0,
    total_count: 0,
    url: "https://api.github.com/repos/withroka/test/issues/59/reactions",
  },
  repository_url: "https://api.github.com/repos/withroka/test",
  state: "closed",
  state_reason: "completed",
  sub_issues_summary: {
    completed: 0,
    percent_completed: 0,
    total: 0,
  },
  timeline_url: "https://api.github.com/repos/withroka/test/issues/59/timeline",
  title: "Test issue",
  updated_at: "2025-03-08T12:19:04Z",
  url: "https://api.github.com/repos/withroka/test/issues/59",
  user: {
    avatar_url: "https://avatars.githubusercontent.com/u/5593188?v=4",
    events_url: "https://api.github.com/users/tugrulates/events{/privacy}",
    followers_url: "https://api.github.com/users/tugrulates/followers",
    following_url: "https://api.github.com/users/tugrulates/following{/other_user}",
    gists_url: "https://api.github.com/users/tugrulates/gists{/gist_id}",
    gravatar_id: "",
    html_url: "https://github.com/tugrulates",
    id: 5593188,
    login: "tugrulates",
    node_id: "MDQ6VXNlcjU1OTMxODg=",
    organizations_url: "https://api.github.com/users/tugrulates/orgs",
    received_events_url: "https://api.github.com/users/tugrulates/received_events",
    repos_url: "https://api.github.com/users/tugrulates/repos",
    site_admin: false,
    starred_url: "https://api.github.com/users/tugrulates/starred{/owner}{/repo}",
    subscriptions_url: "https://api.github.com/users/tugrulates/subscriptions",
    type: "User",
    url: "https://api.github.com/users/tugrulates",
    user_view_type: "public",
  },
}
`;
