export const snapshot = {};

snapshot[`client().query() makes GraphQL query 1`] = `
{
  repository: {
    __typename: "Repository",
    description: "Dummy repository for E2E testing",
    name: "test",
    owner: {
      __typename: "Organization",
      login: "withroka",
    },
  },
}
`;

snapshot[`client().queryPaginated() makes paginated GraphQL query 1`] = `
[
  {
    __typename: "Issue",
    number: 7,
    state: "CLOSED",
    title: "Test issue",
  },
  {
    __typename: "Issue",
    number: 8,
    state: "CLOSED",
    title: "Test issue",
  },
  {
    __typename: "Issue",
    number: 9,
    state: "CLOSED",
    title: "Test issue",
  },
  {
    __typename: "Issue",
    number: 10,
    state: "CLOSED",
    title: "Test",
  },
  {
    __typename: "Issue",
    number: 11,
    state: "CLOSED",
    title: "Test",
  },
  {
    __typename: "Issue",
    number: 12,
    state: "CLOSED",
    title: "Test",
  },
  {
    __typename: "Issue",
    number: 13,
    state: "CLOSED",
    title: "Test",
  },
  {
    __typename: "Issue",
    number: 14,
    state: "CLOSED",
    title: "Test",
  },
  {
    __typename: "Issue",
    number: 15,
    state: "CLOSED",
    title: "Test",
  },
  {
    __typename: "Issue",
    number: 16,
    state: "CLOSED",
    title: "Test",
  },
  {
    __typename: "Issue",
    number: 17,
    state: "CLOSED",
    title: "Test",
  },
  {
    __typename: "Issue",
    number: 18,
    state: "CLOSED",
    title: "Test",
  },
  {
    __typename: "Issue",
    number: 19,
    state: "CLOSED",
    title: "Test",
  },
  {
    __typename: "Issue",
    number: 20,
    state: "CLOSED",
    title: "Test",
  },
  {
    __typename: "Issue",
    number: 21,
    state: "CLOSED",
    title: "Test",
  },
  {
    __typename: "Issue",
    number: 22,
    state: "CLOSED",
    title: "Test",
  },
  {
    __typename: "Issue",
    number: 23,
    state: "CLOSED",
    title: "Test",
  },
  {
    __typename: "Issue",
    number: 24,
    state: "CLOSED",
    title: "Test issue",
  },
  {
    __typename: "Issue",
    number: 45,
    state: "CLOSED",
    title: "Test issue",
  },
  {
    __typename: "Issue",
    number: 47,
    state: "CLOSED",
    title: "Test issue",
  },
  {
    __typename: "Issue",
    number: 48,
    state: "CLOSED",
    title: "Test issue",
  },
  {
    __typename: "Issue",
    number: 49,
    state: "CLOSED",
    title: "Test issue",
  },
  {
    __typename: "Issue",
    number: 52,
    state: "CLOSED",
    title: "Test issue",
  },
  {
    __typename: "Issue",
    number: 54,
    state: "CLOSED",
    title: "Test issue",
  },
  {
    __typename: "Issue",
    number: 55,
    state: "CLOSED",
    title: "Test issue",
  },
  {
    __typename: "Issue",
    number: 56,
    state: "CLOSED",
    title: "Test issue",
  },
  {
    __typename: "Issue",
    number: 57,
    state: "CLOSED",
    title: "Test issue",
  },
  {
    __typename: "Issue",
    number: 58,
    state: "CLOSED",
    title: "Test issue",
  },
  {
    __typename: "Issue",
    number: 59,
    state: "CLOSED",
    title: "Test issue",
  },
]
`;
